// Jest Snapshot v1, https://goo.gl/fbAQLP

exports[`Snapshot.vue render corectly 1`] = `
<h1>
  Different Message
</h1>
`;
